<html>
<body>
<pre>
<h1>µVision Build Log</h1>
<h2>Tool Versions:</h2>
IDE-Version: ¦ÌVision V5.39.0.0
Copyright (C) 2023 ARM Ltd and ARM Germany GmbH. All rights reserved.
License Information: a a32a, a, LIC=----
 
Tool Versions:
Toolchain:       MDK-Lite  Version: 5.39.0.0
Toolchain Path:  E:\keil_v5\keil_core\ARM\ARMCLANG\Bin
C Compiler:      ArmClang.exe V6.21
Assembler:       Armasm.exe V6.21
Linker/Locator:  ArmLink.exe V6.21
Library Manager: ArmAr.exe V6.21
Hex Converter:   FromElf.exe V6.21
CPU DLL:         SARMCM3.DLL V5.39.0.0
Dialog DLL:      DARMCM1.DLL V1.19.6.0
Target DLL:      Segger\JL2CM3.dll V2.99.43.0
Dialog DLL:      TARMCM1.DLL V1.14.6.0
 
<h2>Project:</h2>
E:\Interests\Code\micro_chip\jlc_training_course\course_1_pid_pcb_ti_project\ti-pid\empty\keil\empty_LP_MSPM0G3507_nortos_keil.uvprojx
Project File Date:  05/06/2025

<h2>Output:</h2>
*** Using Compiler 'V6.21', folder: 'E:\keil_v5\keil_core\ARM\ARMCLANG\Bin'
Build target 'empty_LP_MSPM0G3507_nortos_keil'
Before Build - User command #1: cmd.exe /C "E:\Interests\Code\micro_chip\jlc_training_course\course_1_pid_pcb_ti_project\ti-pid\empty\keil\../../syscfg.bat 'E:\Interests\Code\micro_chip\jlc_training_course\course_1_pid_pcb_ti_project\ti-pid\empty\keil\' empty.syscfg"
Using Sysconfig Tool from "E:\TI\sysconfig\sysconfig_cli.bat"
"Update the file located at <sdk path>/tools/keil/syscfg.bat to use a different version"
Running script...
Validating...
Generating Code (empty.syscfg)...
Unchanged E:\Interests\Code\micro_chip\jlc_training_course\course_1_pid_pcb_ti_project\ti-pid\empty\ti_msp_dl_config.c...
Unchanged E:\Interests\Code\micro_chip\jlc_training_course\course_1_pid_pcb_ti_project\ti-pid\empty\ti_msp_dl_config.h...
Unchanged E:\Interests\Code\micro_chip\jlc_training_course\course_1_pid_pcb_ti_project\ti-pid\empty\Event.dot...
compiling empty.c...
compiling ti_msp_dl_config.c...
linking...
Program Size: Code=560 RO-data=208 RW-data=0 ZI-data=360  
FromELF: creating hex file...
".\Objects\empty_LP_MSPM0G3507_nortos_keil.axf" - 0 Error(s), 0 Warning(s).

<h2>Software Packages used:</h2>

Package Vendor: TexasInstruments
                https://software-dl.ti.com/msp430/esd/MSPM0-CMSIS/MSPM0G1X0X_G3X0X/latest/exports/TexasInstruments.MSPM0G1X0X_G3X0X_DFP.1.3.1.pack
                TexasInstruments::MSPM0G1X0X_G3X0X_DFP@1.3.1
                Device Family Pack for Texas Instruments MSPM0G1X0X_G3X0X Series

<h2>Collection of Component include folders:</h2>

<h2>Collection of Component Files used:</h2>
Build Time Elapsed:  00:00:03
</pre>
</body>
</html>
